
  [32m[1mVITE[22m v5.4.10[39m  [2mready in [0m[1m704[22m[2m[0m ms[22m

  [32m➜[39m  [1mLocal[22m:   [36mhttp://127.0.0.1:[1m5173[22m/[39m
[2m7:26:22 pm[22m [36m[1m[vite][22m[39m [32mhmr update [39m[2m/src/pydree/SettingsPanel.tsx[22m
[2m7:26:38 pm[22m [36m[1m[vite][22m[39m [32mhmr update [39m[2m/src/editor/SelectionOverlay.tsx[22m
[2m7:27:05 pm[22m [36m[1m[vite][22m[39m [32mhmr update [39m[2m/src/editor/SelectionOverlay.tsx[22m
[2m7:30:50 pm[22m [36m[1m[vite][22m[39m [32mhmr update [39m[2m/src/editor/EditorCanvas.tsx[22m
[2m7:30:50 pm[22m [36m[1m[vite][22m[39m [33mhmr invalidate [39m[2m/src/editor/EditorCanvas.tsx[22m Could not Fast Refresh ("DEFAULT_VIEWPORT" export is incompatible). Learn more at https://github.com/vitejs/vite-plugin-react/tree/main/packages/plugin-react#consistent-components-exports
[2m7:30:50 pm[22m [36m[1m[vite][22m[39m [32mhmr update [39m[2m/src/editor/CenterStage.tsx[22m
[2m7:33:25 pm[22m [36m[1m[vite][22m[39m [32mhmr update [39m[2m/src/editor/PropertiesPanel.tsx[22m
[2m7:39:06 pm[22m [36m[1m[vite][22m[39m [32mhmr update [39m[2m/src/pydree/ColorPanel.tsx, /src/editor/PropertiesPanel.tsx[22m
[2m7:40:26 pm[22m [36m[1m[vite][22m[39m [32mhmr update [39m[2m/src/editor/CenterStage.tsx[22m
[2m7:41:02 pm[22m [36m[1m[vite][22m[39m [32mhmr update [39m[2m/src/pydree/PydreeStudio.tsx[22m
[2m7:55:11 pm[22m [36m[1m[vite][22m[39m [32mhmr update [39m[2m/src/pydree/PydreeStudio.tsx[22m
[2m7:57:42 pm[22m [36m[1m[vite][22m[39m [32mhmr update [39m[2m/src/pydree/PydreeStudio.tsx[22m
[2m7:59:47 pm[22m [36m[1m[vite][22m[39m [32mhmr update [39m[2m/src/pydree/PydreeStudio.tsx, /src/pydree/SettingsPanel.tsx, /src/pydree/TemplatesPanel.tsx, /src/pydree/AssetsPanel.tsx, /src/pydree/BrandKitPanel.tsx[22m
[2m8:28:44 pm[22m [36m[1m[vite][22m[39m [32mhmr update [39m[2m/src/components/SVGCanvas.tsx[22m
[2m8:29:24 pm[22m [36m[1m[vite][22m[39m [32mhmr update [39m[2m/src/components/SVGCanvas.tsx[22m
[2m8:29:52 pm[22m [36m[1m[vite][22m[39m [32mhmr update [39m[2m/src/components/SVGCanvas.tsx[22m
[2m8:30:22 pm[22m [36m[1m[vite][22m[39m [32mhmr update [39m[2m/src/components/SVGCanvas.tsx[22m
[2m8:31:07 pm[22m [36m[1m[vite][22m[39m [32mhmr update [39m[2m/src/pydree/ColorPanel.tsx[22m
[2m8:31:40 pm[22m [36m[1m[vite][22m[39m [32mhmr update [39m[2m/src/editor/InlineTextEditor.tsx[22m
[2m8:33:04 pm[22m [36m[1m[vite][22m[39m [32mhmr update [39m[2m/src/pydree/PydreeStudio.tsx[22m
[2m8:33:47 pm[22m [36m[1m[vite][22m[39m [32mhmr update [39m[2m/src/pydree/AssetsPanel.tsx[22m
[2m8:34:06 pm[22m [36m[1m[vite][22m[39m [32mhmr update [39m[2m/src/pydree/AssetsPanel.tsx[22m
[2m8:34:33 pm[22m [36m[1m[vite][22m[39m [32mhmr update [39m[2m/src/pydree/AssetsPanel.tsx[22m
